---
source: crates/toride/src/ui/screens/mod.rs
expression: output
---
"                                                                                "
"                                                                                "
"                                                                                "
"                                                                                "
"              ┌────────────────────── Help ──────────────────────┐              "
"              │                                                  │              "
"              │                                                  │              "
"              │                       Help                       │              "
"              │                                                  │              "
"              │              Tab   Cycle focus region            │              "
"              │               j / k   Move / scroll              │              "
"              │               Enter   Open / select              │              "
"              │               1–9   Jump to section              │              "
"              │                \   Collapse sidebar              │              "
"              │            ? / Esc   Toggle help / back          │              "
"              │                      q   Quit                    │              "
"              │                                                  │              "
"              │                     Esc  close                   │              "
"              │                                                  │              "
"              └──────────────────────────────────────────────────┘              "
"                                                                                "
"                                                                                "
"                                                                                "
"                                                                                "
