---
source: crates/toride/src/ui/screens/mod.rs
expression: output
---
"──────────────────────────────────────────────────────────────────────────────────────────"
" 砦 toride   ·   cpu ▮ —   ·   ram ▮ —   ·   disk ▮ ⠖⠉⠉⠑   ·   net ▮ ⠖⠉⠉⠑        09:17 PM " Hidden by multi-width symbols: [(2, " ")]
"──────────────────────────────────────────────────────────────────────────────────────────"
"  1 ◑│ ╭──────────────╮ ╭──────────────╮ ╭─────────────╮ ╭──────────────────────────────╮ "
"  2 ▣│ │ 0 / 0        │ │ 0            │ │ 0           │ │ —   —                        │ "
"  3 ▲│ │              │ │              │ │             │ │ — · —                        │ "
"  4 ◆│ │ MODULES INST │ │ UPDATES AVAI │ │ FINDINGS    │ │ mem — / —                    │ "
"  5 ▦│ │              │ │              │ │             │ │ uptime —  ·  load —          │ "
"  6 ✦│ ╰──────────────╯ ╰──────────────╯ ╰─────────────╯ ╰──────────────────────────────╯ "
"  7 ⛓│                                                                                    "
"  8 ⚙│ ╭ MODULES ───────────────────────────────────────────╮ ╭ STORAGE & NETWORK ──────╮ "
"  9 ◇│ │ ╭───────────────────────╮                          │ │   collecting system sta │ "
" 10 ↻│ │ │ · collecting✗ offline │                          │ │                         │ "
" 11 ◉│ │ │ live sections appea.. │                          │ │                         │ "
" 12 ⚖│ │ │ · waiting for colle.. │                          │ │                         │ "
" 13 ◎│ │ ╰───────────────────────╯                          │ │                         │ "
" 14 ▣│ │                                                    │ │                         │ "
" 15 ⊕│ │                                                    │ ╰─────────────────────────╯ "
" 16 ☁│ │                                                    │                             "
" 17 Ⓜ│ │                                                    │ ╭ TOP PROCESSES ──────────╮ "
" 18 ≡│ │                                                    │ │   collecting system sta │ "
" 19 ◇│ │                                                    │ │                         │ "
" 20 ⚙│ │                                                    │ │                         │ "
"     │ │                                                    │ │                         │ "
"     │ │                                                    │ │                         │ "
"     │ │                                                    │ │                         │ "
"     │ ╰────────────────────────────────────────────────────╯ ╰─────────────────────────╯ "
"──────────────────────────────────────────────────────────────────────────────────────────"
"  ↑↓  move     ↵  open     Tab  focus     \  collapse     Esc  back               ?  help "
"──────────────────────────────────────────────────────────────────────────────────────────"
