---
source: crates/toride/src/ui/screens/mod.rs
expression: output
---
"                                                                                "
"                                                                                "
"                                                                                "
"                                                                                "
"              ┌────────────────────── Help ──────────────────────┐              "
"              │                                                  │              "
"              │                                                  │              "
"              │                       Help                       │              "
"              │                                                  │              "
"              │             Enter   Show system status           │              "
"              │                ?   Toggle this help              │              "
"              │                      q   Quit                    │              "
"              │               j / Down   Scroll down             │              "
"              │                 k / Up   Scroll up               │              "
"              │               b / Esc   Close dialog             │              "
"              │                                                  │              "
"              │                                                  │              "
"              │                     Esc  close                   │              "
"              │                                                  │              "
"              └──────────────────────────────────────────────────┘              "
"                                                                                "
"                                                                                "
"                                                                                "
"                                                                                "
