---
source: crates/toride/src/ui/screens/mod.rs
expression: output
---
"┌───────────── Help ──────────────┐"
"│              Help               │"
"│                                 │"
"│          Enter   Status         │"
"│             ?   Help            │"
"│             q   Quit            │"
"│           j/k   Scroll          │"
"│            b   Close            │"
"│                                 │"
"│                                 │"
"│            Esc  close           │"
"└─────────────────────────────────┘"
