---
source: crates/toride/src/ui/screens/mod.rs
expression: output
---
"────────────────────────────────────────────────────────────────────────────────────────────────────────────────────────────────────────────────────────────────"
" 砦 toride   ·   cpu ▮ —   ·   ram ▮ —   ·   disk ▮ ⠖⠉⠉⠑   ·   net ▮ ⠖⠉⠉⠑                                                                              09:17 PM " Hidden by multi-width symbols: [(2, " ")]
"────────────────────────────────────────────────────────────────────────────────────────────────────────────────────────────────────────────────────────────────"
" MODULES                     │ ╭───────────────────────╮ ╭───────────────────────╮ ╭───────────────────────╮ ╭────────────────────────────────────────────────╮ "
"▂▂▂▂▂▂▂▂▂▂▂▂▂▂▂▂▂▂▂▂▂▂▂▂▂▂▂▂▂│ │ 0 / 0                 │ │ 0                     │ │ 0                     │ │ —   —                                          │ "
"   1 ◑ Dashboard             │ │                       │ │                       │ │                       │ │ — · —                                          │ "
"▆▆▆▆▆▆▆▆▆▆▆▆▆▆▆▆▆▆▆▆▆▆▆▆▆▆▆▆▆│ │ MODULES INSTALLED     │ │ UPDATES AVAILABLE     │ │ FINDINGS              │ │ mem — / —                                      │ "
"   2 ▣ Tools                 │ │                       │ │                       │ │                       │ │ uptime —  ·  load —                            │ "
"                             │ ╰───────────────────────╯ ╰───────────────────────╯ ╰───────────────────────╯ ╰────────────────────────────────────────────────╯ "
"   3 ▲ Templates             │                                                                                                                                  "
"                             │ ╭ MODULES ──────────────────────────────────────────────────────────────────────────╮ ╭ STORAGE & NETWORK ─────────────────────╮ "
"   4 ◆ SSH                   │ │ ╭──────────────────────────────────────╮                                          │ │   collecting system status…            │ "
"                             │ │ │ · collecting system status…✗ offline │                                          │ │                                        │ "
"   5 ▦ Firewall              │ │ │ live sections appear once backends.. │                                          │ │                                        │ "
"                             │ │ │ · waiting for collectors             │                                          │ │                                        │ "
"   6 ✦ fail2ban              │ │ ╰──────────────────────────────────────╯                                          │ │                                        │ "
"                             │ │                                                                                   │ │                                        │ "
"   7 ⛓ Tailscale             │ │                                                                                   │ │                                        │ "
"                             │ │                                                                                   │ │                                        │ "
"   8 ⚙ Harden                │ │                                                                                   │ │                                        │ "
"                             │ │                                                                                   │ │                                        │ "
"   9 ◇ WireGuard             │ │                                                                                   │ │                                        │ "
"                             │ │                                                                                   │ │                                        │ "
"  10 ↻ Updates               │ │                                                                                   │ │                                        │ "
"                             │ │                                                                                   │ ╰────────────────────────────────────────╯ "
"  11 ◉ Users                 │ │                                                                                   │                                            "
"                             │ │                                                                                   │ ╭ TOP PROCESSES ─────────────────────────╮ "
"  12 ⚖ Audit                 │ │                                                                                   │ │   collecting system status…            │ "
"                             │ │                                                                                   │ │                                        │ "
"  13 ◎ Monitor               │ │                                                                                   │ │                                        │ "
"                             │ │                                                                                   │ │                                        │ "
"  14 ▣ Backup                │ │                                                                                   │ │                                        │ "
"                             │ │                                                                                   │ │                                        │ "
"  15 ⊕ Proxy                 │ │                                                                                   │ │                                        │ "
"                             │ │                                                                                   │ │                                        │ "
"  16 ☁ Cloud                 │ │                                                                                   │ │                                        │ "
"                             │ │                                                                                   │ │                                        │ "
"  17 Ⓜ Mise                  │ │                                                                                   │ │                                        │ "
"                             │ │                                                                                   │ │                                        │ "
"  18 ≡ Logs                  │ │                                                                                   │ │                                        │ "
"                             │ ╰───────────────────────────────────────────────────────────────────────────────────╯ ╰────────────────────────────────────────╯ "
"────────────────────────────────────────────────────────────────────────────────────────────────────────────────────────────────────────────────────────────────"
"  ↑↓  move     ↵  open     Tab  focus     \  collapse     Esc  back                                                                                     ?  help "
"────────────────────────────────────────────────────────────────────────────────────────────────────────────────────────────────────────────────────────────────"
