---
source: crates/toride/src/ui/screens/mod.rs
expression: output
---
"                                                                                "
"                                                                                "
"                                                                                "
"                                                                                "
"                                                                                "
"  ┌──────────────────────────────────────────────────────────────────────────┐  "
"  │                                                                          │  "
"  │               ████████╗ ██████╗ ██████╗ ██╗██████╗ ███████╗              │  "
"  │               ╚══██╔══╝██╔═══██╗██╔══██╗██║██╔══██╗██╔════╝              │  "
"  │                  ██║   ██║   ██║██████╔╝██║██║  ██║█████╗                │  "
"  │                  ██║   ██║   ██║██╔══██╗██║██║  ██║██╔══╝                │  "
"  │                  ██║   ╚██████╔╝██║  ██║██║██████╔╝███████╗              │  "
"  │                  ╚═╝    ╚═════╝ ╚═╝  ╚═╝╚═╝╚═════╝ ╚══════╝              │  "
"  │                                                                          │  "
"  │                       砦  ·  0.1.0  ·  SINGLE-HOST                       │  " Hidden by multi-width symbols: [(27, " ")]
"  │                Press any key, or click a button, to enter.               │  "
"  │                                                                          │  "
"  │                      ↵ continue  ? help    q quit                        │  "
"  │                                                                          │  "
"  └──────────────────────────────────────────────────────────────────────────┘  "
"                                                                                "
"                                                                                "
"                                                                                "
"                                                                                "
