---
source: crates/toride/src/ui/screens/mod.rs
expression: output
---
"                                   "
"               Help                "
"                                   "
"           Enter   Status          "
"              ?   Help             "
"              q   Quit             "
"            j/k   Scroll           "
"              b   Back             "
"                                   "
"                                   "
"                                   "
"              b  back              "
