---
source: crates/toride/src/ui/screens/mod.rs
expression: output
---
"                                   System Status                                "
"                                                                                "
"    ────────────────────────────────────────────────────────────────────────    "
"       ⠋ Collecting status...                                                   "
"                                                                                "
"                                                                                "
"                                                                                "
"                                                                                "
"                                                                                "
"                                                                                "
"                                                                                "
"                                                                                "
"                                                                                "
"                                                                                "
"                                                                                "
"                                                                                "
"                                                                                "
"                                                                                "
"                                                                                "
"                                                                                "
"                                                                                "
"    ────────────────────────────────────────────────────────────────────────    "
"                                                                                "
"                                                                                "
