---
source: crates/toride/src/ui/screens/mod.rs
expression: output
---
"────────────────────────────────────────────────────────────────────────────────────────────────────────────────────────────────────────────────────────────────"
" 砦 toride   ·   cpu ▮ 72%   ·   ram ▮ 75%   ·   disk ▮ 0 B↓ 0 B↑   ·   net ▮ 23.8 MB↓ 9.5 MB↑                                                         09:17 PM " Hidden by multi-width symbols: [(2, " ")]
"────────────────────────────────────────────────────────────────────────────────────────────────────────────────────────────────────────────────────────────────"
" MODULES                     │ ╭───────────────────────╮ ╭───────────────────────╮ ╭───────────────────────╮ ╭────────────────────────────────────────────────╮ "
"▂▂▂▂▂▂▂▂▂▂▂▂▂▂▂▂▂▂▂▂▂▂▂▂▂▂▂▂▂│ │ 3 / 13                │ │ 7                     │ │ 0                     │ │ edge-prod-01   Ubuntu 24.04 LTS                │ "
"   1 ◑ Dashboard             │ │                       │ │                       │ │                       │ │ Intel Xeon E5-2680 v4 · —                      │ "
"▆▆▆▆▆▆▆▆▆▆▆▆▆▆▆▆▆▆▆▆▆▆▆▆▆▆▆▆▆│ │ MANAGED               │ │ UPDATES AVAILABLE     │ │ FINDINGS              │ │ mem 12.0 GiB / 16.0 GiB                        │ "
"   2 ▣ Tools                 │ │                       │ │                       │ │                       │ │ uptime 1h 0m 0s  ·  load 1.50 1.20 1.00  ·  d✓ │ "
"                             │ ╰───────────────────────╯ ╰───────────────────────╯ ╰───────────────────────╯ ╰────────────────────────────────────────────────╯ "
"   3 ▲ Templates             │                                                                                                                                  "
"                             │ ╭ MANAGED SERVICES ─────────────────────────────────────────────────────────────────╮ ╭ STORAGE & NETWORK ─────────────────────╮ "
"   4 ◆ SSH                   │ │ ╭──────────────────────────────────────╮ ╭──────────────────────────────────────╮ │ │   /                    80% · 745.1 GiB │ "
"                             │ │ │ ✦ fail2ban                  ✓ active │ │ ▦ ufw firewall              ✓ active │ │ │   network     ↓ 23.8 MB/s · ↑ 9.5 MB/s │ "
"   5 ▦ Firewall              │ │ │ 0 jail(s) · 0 ban(s)                 │ │ inactive · 0 rule(s)                 │ │ │                                        │ "
"                             │ │ │ · 0 finding(s)                       │ │ · 0 finding(s)                       │ │ │                                        │ "
"   6 ✦ fail2ban              │ │ ╰──────────────────────────────────────╯ ╰──────────────────────────────────────╯ │ │                                        │ "
"                             │ │ ╭──────────────────────────────────────╮ ╭──────────────────────────────────────╮ │ │                                        │ "
"   7 ⛓ Tailscale             │ │ │ ⚙ harden                   ✗ offline │ │ ◇ wireguard                ✗ offline │ │ │                                        │ "
"                             │ │ │ offline                              │ │ offline                              │ │ │                                        │ "
"   8 ⚙ Harden                │ │ │ backend unreachable                  │ │ backend unreachable                  │ │ │                                        │ "
"                             │ │ ╰──────────────────────────────────────╯ ╰──────────────────────────────────────╯ │ │                                        │ "
"   9 ◇ WireGuard             │ │ ╭──────────────────────────────────────╮ ╭──────────────────────────────────────╮ │ │                                        │ "
"                             │ │ │ ↻ updates                   ✓ active │ │ ◉ users                    ✗ offline │ │ │                                        │ "
"  10 ↻ Updates               │ │ │ 7 pending · 2 security               │ │ offline                              │ │ │                                        │ "
"                             │ │ │ · 0 finding(s)                       │ │ backend unreachable                  │ │ ╰────────────────────────────────────────╯ "
"  11 ◉ Users                 │ │ ╰──────────────────────────────────────╯ ╰──────────────────────────────────────╯ │                                            "
"                             │ │ ╭──────────────────────────────────────╮ ╭──────────────────────────────────────╮ │ ╭ TOP PROCESSES ─────────────────────────╮ "
"  12 ⚖ Audit                 │ │ │ ⚖ audit                    ✗ offline │ │ ◎ monitor                  ✗ offline │ │ │   firefox  87.4% · 2.2 GiB             │ "
"                             │ │ │ offline                              │ │ offline                              │ │ │   cargo  45.1% · 858.3 MiB             │ "
"  13 ◎ Monitor               │ │ │ backend unreachable                  │ │ backend unreachable                  │ │ │   node  12.0% · 572.2 MiB              │ "
"                             │ │ ╰──────────────────────────────────────╯ ╰──────────────────────────────────────╯ │ │   sshd  1.2% · 38.1 MiB                │ "
"  14 ▣ Backup                │ │ ╭──────────────────────────────────────╮ ╭──────────────────────────────────────╮ │ │                                        │ "
"                             │ │ │ ▣ backup                   ✗ offline │ │ ⊕ proxy                    ✗ offline │ │ │                                        │ "
"  15 ⊕ Proxy                 │ │ │ offline                              │ │ offline                              │ │ │                                        │ "
"                             │ │ │ backend unreachable                  │ │ backend unreachable                  │ │ │                                        │ "
"  16 ☁ Cloud                 │ │ ╰──────────────────────────────────────╯ ╰──────────────────────────────────────╯ │ │                                        │ "
"                             │ │                                                                                   │ │                                        │ "
"  17 Ⓜ Mise                  │ │                                                                                   │ │                                        │ "
"                             │ │                                                                                   │ │                                        │ "
"  18 ≡ Logs                  │ │                                                                                   │ │                                        │ "
"                             │ ╰───────────────────────────────────────────────────────────────────────────────────╯ ╰────────────────────────────────────────╯ "
"────────────────────────────────────────────────────────────────────────────────────────────────────────────────────────────────────────────────────────────────"
"  ↑↓  move     ↵  open     Tab  focus     \  collapse     Esc  back     ⇧^a  anim                                                                       ?  help "
"────────────────────────────────────────────────────────────────────────────────────────────────────────────────────────────────────────────────────────────────"
