---
source: crates/toride-mise/tests/snapshots.rs
expression: spec
---
CommandSpec {
    program: "mise",
    args: [
        "registry",
        "search",
        "node",
        "--output=json",
    ],
    stdin: None,
    timeout: None,
    env: [],
    env_remove: [],
    clear_env: false,
    cwd: None,
    output_mode: Capture,
    redact: false,
    output_limit: None,
}
