---
source: crates/toride/src/ui/screens/toride_audit/mod.rs
expression: out
---
"╭ AUDIT · 0 rule(s) · 0 log(s) · 0 finding(s) ───────────────────────────────────────────────────────────────╮"
"│ auditd                                                                                                     │"
"│   state    ○ inactive                                                                                      │"
"│   no status output                                                                                         │"
"│                                                                                                            │"
"│ Integrity (AIDE)                                                                                           │"
"│   database ○ uninitialized                                                                                 │"
"│   check    no status available                                                                             │"
"│                                                                                                            │"
"│ Audit Rules (0) [0 line(s)]                                                                                │"
"│   no rule files                                                                                            │"
"│                                                                                                            │"
"│ Log Sources (0)                                                                                            │"
"│   rsyslog   ? unknown                                                                                      │"
"│   journald  ? unknown                                                                                      │"
"│   no log files found                                                                                       │"
"│                                                                                                            │"
"│ Doctor Findings (0)                                                                                        │"
"│   no findings                                                                                              │"
"│                                                                                                            │"
"│                                                                                                            │"
"│                                                                                                            │"
"│                                                                                                            │"
"│                                                                                                            │"
"│                                                                                                            │"
"│                                                                                                            │"
"│                                                                                                            │"
"│                                                                                                            │"
"│                                                                                                            │"
"│                                                                                                            │"
"│                                                                                                            │"
"│                                                                                                            │"
"│                                                                                                            │"
"│                                                                                                            │"
"│                                                                                                            │"
"│                                                                                                            │"
"│                                                                                                            │"
"│                                                                                                            │"
"│                                                                                                            │"
"╰────────────────────────────────────────────────────────────────────────────────────────────────────────────╯"
