---
source: crates/toride/src/ui/screens/toride_audit/mod.rs
expression: out
---
"╭ AUDIT · 2 rule(s) · 1 log(s) · 2 finding(s) ───────────────────────────────────────────────────────────────╮"
"│ auditd                                                                                                     │"
"│   state    ● running                                                                                       │"
"│   enabled 1                                                                                                │"
"│   pid 4242                                                                                                 │"
"│   rate_limit 0                                                                                             │"
"│                                                                                                            │"
"│ Integrity (AIDE)                                                                                           │"
"│   database ● initialized                                                                                   │"
"│   check    42133 changes                                                                                   │"
"│   files    42133                                                                                           │"
"│   last     ✗ failed                                                                                        │"
"│                                                                                                            │"
"│ Audit Rules (1) [2 line(s)]                                                                                │"
"│   ▸ hardening             2 rule(s)                                                                        │"
"│       · -w /etc/passwd -p wa -k identity                                                                   │"
"│       · -a always,exit -S open                                                                             │"
"│                                                                                                            │"
"│ Log Sources (1)                                                                                            │"
"│   rsyslog   ✓ available                                                                                    │"
"│   journald  ✗ not available                                                                                │"
"│   ≡ audit.log             /var/log/audit/audit.log                                                         │"
"│                                                                                                            │"
"│ Doctor Findings (2)                                                                                        │"
"│ ⛔ CRITICAL (1)                                                                                            │" Hidden by multi-width symbols: [(3, " ")]
"│     · auditctl not found                                                                                   │"
"│       The auditctl binary could not be located on $PATH.                                                   │"
"│       → Install auditd: apt install auditd                                                                 │"
"│ ! WARNING (1)                                                                                              │"
"│     · Audit rules directory does not exist                                                                 │"
"│                                                                                                            │"
"│                                                                                                            │"
"│                                                                                                            │"
"│                                                                                                            │"
"│                                                                                                            │"
"│                                                                                                            │"
"│                                                                                                            │"
"│                                                                                                            │"
"│                                                                                                            │"
"╰────────────────────────────────────────────────────────────────────────────────────────────────────────────╯"
