---
source: crates/toride/src/ui/screens/logs/mod.rs
expression: out
---
"╭ LOGS . 1 source(s) ──────────────────────────────────────────────────────────────────────────────────────────────────╮"
"│ [1/1] auth                                                                                                           │"
"│   path   /var/log/auth                                                                                               │"
"│   size   4.0 KiB  ·  10 line(s)   ·   mtime 2021-01-01 00:00                                                         │"
"│   hint   ← → cycle source  ·  j/k scroll                                                                             │"
"│                                                                                                                      │"
"│ 2021-01-01T00:00:00Z sample log line number 0                                                                        │"
"│ 2021-01-01T00:00:01Z sample log line number 1                                                                        │"
"│ 2021-01-01T00:00:02Z sample log line number 2                                                                        │"
"│ 2021-01-01T00:00:03Z sample log line number 3                                                                        │"
"│ 2021-01-01T00:00:04Z sample log line number 4                                                                        │"
"│ 2021-01-01T00:00:05Z sample log line number 5                                                                        │"
"│ 2021-01-01T00:00:06Z sample log line number 6                                                                        │"
"│ 2021-01-01T00:00:07Z sample log line number 7                                                                        │"
"│ 2021-01-01T00:00:08Z sample log line number 8                                                                        │"
"│ 2021-01-01T00:00:09Z sample log line number 9                                                                        │"
"│                                                                                                                      │"
"│                                                                                                                      │"
"│                                                                                                                      │"
"│                                                                                                                      │"
"│                                                                                                                      │"
"│                                                                                                                      │"
"│                                                                                                                      │"
"│                                                                                                                      │"
"│                                                                                                                      │"
"│                                                                                                                      │"
"│                                                                                                                      │"
"│                                                                                                                      │"
"│                                                                                                                      │"
"╰──────────────────────────────────────────────────────────────────────────────────────────────────────────────────────╯"
