---
source: crates/toride/src/ui/screens/settings/mod.rs
expression: out
---
"╭ SETTINGS · Charm theme · 2 config row(s) ────────────────────────────────────────────────────────────────────────────╮"
"│ Theme                                                                                                                │"
"│   active   Charm  (matches config)                                                                                   │"
"│   hint     ← → cycle theme                                                                                           │"
"│ ○  ███ Catppuccin Mocha                                                                                              │"
"│ ○  ███ Tokyo Night                                                                                                   │"
"│ ○  ███ Rosé Pine                                                                                                     │"
"│ ●  ███ Charm                                                                                                         │"
"│ ○  ███ Nord                                                                                                          │"
"│ ○  ███ Gruvbox Dark                                                                                                  │"
"│                                                                                                                      │"
"│ Config (2)                                                                                                           │"
"│   path     /home/user/.config/toride/config.toml                                                                     │"
"│   file     ✓ present                                                                                                 │"
"│   theme    Charm                                                                                                     │"
"│   log_lvl  debug                                                                                                     │"
"│   theme          = "Charm"                                                                                           │"
"│   log_level      = debug                                                                                             │"
"│                                                                                                                      │"
"│ Runtime                                                                                                              │"
"│   rust_logtoride=debug                                                                                               │"
"│   data_dir/home/user/.local/share/toride                                                                             │"
"│   config_dir/home/user/.config/toride                                                                                │"
"│   log_path/home/user/.local/share/toride/toride.log                                                                  │"
"│   shell   /bin/zsh                                                                                                   │"
"│   term    xterm-256color                                                                                             │"
"│                                                                                                                      │"
"│                                                                                                                      │"
"│                                                                                                                      │"
"│                                                                                                                      │"
"│                                                                                                                      │"
"│                                                                                                                      │"
"│                                                                                                                      │"
"│                                                                                                                      │"
"│                                                                                                                      │"
"│                                                                                                                      │"
"│                                                                                                                      │"
"│                                                                                                                      │"
"│                                                                                                                      │"
"╰──────────────────────────────────────────────────────────────────────────────────────────────────────────────────────╯"
