---
source: crates/toride/src/ui/screens/templates/mod.rs
expression: out
---
"╭ HARDENING RECIPES · 2/4 recipes ready · 2 finding(s) ────────────────────────────────────────────────────────────────────────────────────╮"
"│ Readiness                                                                                                                                │"
"│   audit    ! partial  (2/4)                                                                                                              │"
"│   hint     a recipe is ready when its target tool is installed                                                                           │"
"│                                                                                                                                          │"
"│ Hardening (2)                                                                                                                            │"
"│   ✓ SSH Hardening                      ready     ssh                [Med   ] Lock down sshd config                                       │"
"│   ✓ fail2ban sshd jail                 ready     fail2ban-client    [Easy  ] Brute-force protection for sshd                             │"
"│                                                                                                                                          │"
"│ Network (1)                                                                                                                              │"
"│   ○ UFW Default-Deny Firewall          available ufw                [Easy  ] Default-deny incoming                                       │"
"│                                                                                                                                          │"
"│ Backup (1)                                                                                                                               │"
"│   ○ Restic Backup                      available restic             [Med   ] Encrypted incremental backups                               │"
"│                                                                                                                                          │"
"│                                                                                                                                          │"
"│                                                                                                                                          │"
"│                                                                                                                                          │"
"│                                                                                                                                          │"
"│                                                                                                                                          │"
"│                                                                                                                                          │"
"│                                                                                                                                          │"
"│                                                                                                                                          │"
"│                                                                                                                                          │"
"│                                                                                                                                          │"
"│                                                                                                                                          │"
"│                                                                                                                                          │"
"│                                                                                                                                          │"
"│                                                                                                                                          │"
"│                                                                                                                                          │"
"│                                                                                                                                          │"
"│                                                                                                                                          │"
"│                                                                                                                                          │"
"│                                                                                                                                          │"
"│                                                                                                                                          │"
"╰──────────────────────────────────────────────────────────────────────────────────────────────────────────────────────────────────────────╯"
