---
source: crates/toride/src/ui/screens/about/mod.rs
expression: out
---
"╭ ABOUT · toride v0.1.0 ───────────────────────────────────────────────────────────────────────────────────────────────╮"
"│ APP                                                                                                                  │"
"│   name        toride                                                                                                 │"
"│   version     0.1.0                                                                                                  │"
"│   profile     release                                                                                                │"
"│   homepage    https://github.com/hmziq/toride                                                                        │"
"│   authors     hmziqrs                                                                                                │"
"│                                                                                                                      │"
"│ SYSTEM                                                                                                               │"
"│   hostname    edge-prod-01                                                                                           │"
"│   os          Ubuntu 24.04 LTS                                                                                       │"
"│   kernel      6.8.0                                                                                                  │"
"│   arch        x86_64                                                                                                 │"
"│   cpu         Intel Xeon E5-2680 v4                                                                                  │"
"│   cores       4                                                                                                      │"
"│   memory      16.0 GiB                                                                                               │"
"│   uptime      1h 0m 0s                                                                                               │"
"│   load        1.50 1.20 1.00                                                                                         │"
"│                                                                                                                      │"
"│ RUNTIME                                                                                                              │"
"│   term        xterm-256color                                                                                         │"
"│   term_programiTerm.app                                                                                              │"
"│   shell       /bin/zsh                                                                                               │"
"│   user        ops                                                                                                    │"
"│   lang        en_US.UTF-8                                                                                            │"
"│   home        /home/ops                                                                                              │"
"│   cwd         /home/ops                                                                                              │"
"│   config_dir  /home/ops/.config                                                                                      │"
"│   data_dir    /home/ops/.local/share                                                                                 │"
"│   log_path    /home/ops/.cache/toride/toride.log                                                                     │"
"│                                                                                                                      │"
"│                                                                                                                      │"
"│                                                                                                                      │"
"│                                                                                                                      │"
"│                                                                                                                      │"
"│                                                                                                                      │"
"│                                                                                                                      │"
"│                                                                                                                      │"
"│                                                                                                                      │"
"╰──────────────────────────────────────────────────────────────────────────────────────────────────────────────────────╯"
