---
source: crates/toride/src/ui/screens/tools/mod.rs
expression: out
---
"╭ TOOLS · 2/4 installed · 2 missing ───────────────────────────────────────────────────────────────────────────────────╮"
"│ ! some tools missing  2 / 4 tools                                                                                    │"
"│   2 expected tool(s) missing — see findings                                                                          │"
"│                                                                                                                      │"
"│ Editors                                                                                                              │"
"│ ✓ vim              VIM 9.0                  /usr/bin/vim                                                             │"
"│ ✗ nano             —                                                                                                 │"
"│                                                                                                                      │"
"│ Search/Files                                                                                                         │"
"│ ✓ rg               ripgrep 13.0.0           /usr/bin/rg                                                              │"
"│ ✗ fd               —                                                                                                 │"
"│                                                                                                                      │"
"│                                                                                                                      │"
"│                                                                                                                      │"
"│                                                                                                                      │"
"│                                                                                                                      │"
"│                                                                                                                      │"
"│                                                                                                                      │"
"│                                                                                                                      │"
"│                                                                                                                      │"
"│                                                                                                                      │"
"│                                                                                                                      │"
"│                                                                                                                      │"
"│                                                                                                                      │"
"│                                                                                                                      │"
"│                                                                                                                      │"
"│                                                                                                                      │"
"│                                                                                                                      │"
"│                                                                                                                      │"
"│                                                                                                                      │"
"│                                                                                                                      │"
"│                                                                                                                      │"
"│                                                                                                                      │"
"│                                                                                                                      │"
"│                                                                                                                      │"
"│                                                                                                                      │"
"│                                                                                                                      │"
"│                                                                                                                      │"
"│                                                                                                                      │"
"╰──────────────────────────────────────────────────────────────────────────────────────────────────────────────────────╯"
